
============================= test session starts =============================
platform win32 -- Python 3.14.2, pytest-9.0.2, pluggy-1.6.0 -- C:\Users\kdejo\DEV\PyAgent\.venv\Scripts\python.exe
cachedir: .pytest_cache
rootdir: C:\Users\kdejo\DEV\PyAgent
plugins: anyio-4.12.0
collecting ... collected 2680 items

src/test_agent.py::TestPluginBasedAgentLoading::test_plugin_discovery_basic SKIPPED [  5%]
src/test_agent.py::TestPluginBasedAgentLoading::test_plugin_registration SKIPPED [  5%]
src/test_agent.py::TestAgentDependencyResolution::test_dependency_graph SKIPPED [  5%]
src/test_agent.py::TestAgentResourceQuotas::test_rate_limit_config SKIPPED [  5%]
src/test_agent.py::TestAgentRetryPolicies::test_circuit_breaker_init SKIPPED [  5%]
src/test_agent.py::TestAgentRetryPolicies::test_circuit_breaker_trip SKIPPED [  5%]
src/test_agent.py::TestAgentMetricsTelemetry::test_telemetry_collector SKIPPED [  5%]
src/test_agent.py::TestAgentConfigInheritance::test_config_override SKIPPED [  6%]
src/test_agent.py::TestAgentOutputValidation::test_validation_rule SKIPPED [  6%]
src/test_agent.py::TestAgentGracefulShutdownBehavior::test_shutdown_state SKIPPED [  6%]
src/test_base_agent.py::test_setup_logging_verbosity_levels SKIPPED      [ 84%]


